1
vanadiy@ubn:~$ ifconfig -a
enp0s3: flags=4163<UP,BROADCAST,RUNNING,MULTICAST>  mtu 1500
        inet 192.168.100.4  netmask 255.255.255.0  broadcast 192.168.100.255
        inet6 fe80::a00:27ff:febd:c85  prefixlen 64  scopeid 0x20<link>
        ether 08:00:27:bd:0c:85  txqueuelen 1000  (Ethernet)
        RX packets 165  bytes 48230 (48.2 KB)
        RX errors 0  dropped 0  overruns 0  frame 0
        TX packets 158  bytes 23386 (23.3 KB)
        TX errors 0  dropped 0 overruns 0  carrier 0  collisions 0

lo: flags=73<UP,LOOPBACK,RUNNING>  mtu 65536
        inet 127.0.0.1  netmask 255.0.0.0
        inet6 ::1  prefixlen 128  scopeid 0x10<host>
        loop  txqueuelen 1000  (Local Loopback)
        RX packets 28  bytes 2897 (2.8 KB)
        RX errors 0  dropped 0  overruns 0  frame 0
        TX packets 28  bytes 2897 (2.8 KB)
        TX errors 0  dropped 0 overruns 0  carrier 0  collisions 0
VM на сетевом интерфейсе enp0s3 имеет ipv4 192.168.100.4, ipv6 fe80::a00:27ff:febd:c85, маска сети 255.255.255.0(/24) класс сети С(частная сеть)
адрес сети:
11000000 10101000 01100100 00000100
11111111 11111111 11111111 00000000
-----------------------------------
11000000 10101000 01100100 00000000
  192      168       100      0
МАС адрес 08:00:27:bd:0c:85
сетевой интерфейс lo имеет ipv4 127.0.0.1, ipv6 ::1, маска сети 255.0.0.0(/8) класс сети А

2
Хост
vanadiy@vanadiy:~$ curl ifconfig.me
178.127.252.215vanadiy@vanadiy:~$
VM
vanadiy@ubn:~$ curl ifconfig.me
178.127.252.215vanadiy@ubn:~$
Ни чем не отличаются. На сколько я понимаю, у меня в виртуалбоксе настроена сеть через сетевой мост и соответственно машина получает ip от моего роутера также как и хостовая и при выходе в интернет преобразовывает локальный ip в публичный ip, что и хостовая машина.

3
vanadiy@vanadiy:~$ arp -a | grep 08:00:27:bd:0c:85
ubn (192.168.100.4) at 08:00:27:bd:0c:85 [ether] on wlp7s0

4
-256
-254
-172.20.0.0     172.20.1.0
-172.20.0.1     172.20.0.254    172.20.1.1     172.20.1.254
-172.20.255.255

5
vanadiy@vanadiy:~$ dig ya.ru

; <<>> DiG 9.18.12-0ubuntu0.22.04.2-Ubuntu <<>> ya.ru
;; global options: +cmd
;; Got answer:
;; ->>HEADER<<- opcode: QUERY, status: NOERROR, id: 32155
;; flags: qr rd ra; QUERY: 1, ANSWER: 2, AUTHORITY: 0, ADDITIONAL: 1

;; OPT PSEUDOSECTION:
; EDNS: version: 0, flags:; udp: 65494
;; QUESTION SECTION:
;ya.ru.				IN	A

;; ANSWER SECTION:
ya.ru.			595	IN	A	77.88.55.242
ya.ru.			595	IN	A	5.255.255.242

;; Query time: 12 msec
;; SERVER: 127.0.0.53#53(127.0.0.53) (UDP)
;; WHEN: Wed Jul 26 15:48:27 +03 2023
;; MSG SIZE  rcvd: 66
vanadiy@vanadiy:~$ curl 77.88.55.242 -v -L -H 'Host: ya.ru' > ./curlyaru
